WARNING  selenium.webdriver.common.selenium_manager:selenium_manager.py:138 The chromedriver version (130.0.6723.58) detected in PATH at C:\chromedriver\chromedriver.exe might not be compatible with the detected chrome version (131.0.6778.86); currently, chromedriver 131.0.6778.85 is recommended for chrome 131.*, so it is advised to delete the driver in PATH and retry
INFO     pageLogger:page.py:24 Попытка открыть сайт: https://gost.team/
INFO     pageLogger:page.py:35 Сайт https://gost.team/ открылся
INFO     pageLogger:page.py:38 Попытка найти элемент по xpath'y: //title
INFO     pageLogger:page.py:41 Элемент успешно найден
